1.2.3.192 - - [27/Apr/2017:08:04:32 -0400] "POST /?gf_page=upload HTTP/1.1" 404 15869 "-" "curl/7.19.7 (x86_64-redhat-linux-gnu) libcurl/7.19.7 NSS/3.21 Basic ECC zlib/1.2.3 libidn/1.18 libssh2/1.4.2"
1.2.3.40 - - [27/Apr/2017:08:05:46 -0400] "GET /robots.txt HTTP/1.1" 200 67 "-" "Mozilla/5.0 (compatible; bingbot/2.0; +http://www.bing.com/bingbot.htm)"
1.2.3.63 - - [27/Apr/2017:08:15:57 -0400] "GET / HTTP/1.1" 200 21217 "http://otto.zsp.net.pl" "Mozilla/5.0+(compatible; UptimeRobot/2.0; http://www.uptimerobot.com/)"
1.2.3.201 - - [27/Apr/2017:08:31:45 -0400] "POST /xmlrpc.php HTTP/1.1" 403 28 "-" "Mozilla/5.0 (Windows NT 6.1; WOW64; rv:40.0) Gecko/20100101 Firefox/40.1"
1.2.3.201 - - [27/Apr/2017:08:31:45 -0400] "GET /wp-login.php HTTP/1.1" 200 2713 "-" "Mozilla/5.0 (Windows NT 6.1; WOW64; rv:40.0) Gecko/20100101 Firefox/40.1"
1.2.3.201 - - [27/Apr/2017:08:31:46 -0400] "POST /wp-login.php HTTP/1.1" 200 3658 "-" "Mozilla/5.0 (Windows NT 6.1; WOW64; rv:40.0) Gecko/20100101 Firefox/40.1"
1.2.3.185 - - [27/Apr/2017:08:34:01 -0400] "GET /wp-login.php HTTP/1.1" 200 2713 "-" "Mozilla/5.0 (Windows NT 10.0; WOW64) AppleWebKit/537.36 (KHTML, like Gecko) Chrome/1.2.3.51 Safari/537.36"
1.2.3.185 - - [27/Apr/2017:08:33:01 -0400] "POST /wp-login.php HTTP/1.1" 200 3703 "http://otto.zsp.net.pl/wp-login.php" "Mozilla/5.0 (Windows NT 10.0; WOW64) AppleWebKit/537.36 (KHTML, like Gecko) Chrome/1.2.3.51 Safari/537.36"
1.2.3.185 - - [27/Apr/2017:08:34:01 -0400] "POST /wp-login.php HTTP/1.1" 200 3703 "http://otto.zsp.net.pl/wp-login.php" "Mozilla/5.0 (Windows NT 10.0; WOW64) AppleWebKit/537.36 (KHTML, like Gecko) Chrome/1.2.3.51 Safari/537.36"
1.2.3.171 - - [27/Apr/2017:08:36:20 -0400] "POST /xmlrpc.php HTTP/1.1" 403 28 "-" "Mozilla/5.0 (Windows NT 6.1; WOW64; rv:40.0) Gecko/20100101 Firefox/40.1"
1.2.3.171 - - [27/Apr/2017:08:36:20 -0400] "GET /wp-login.php HTTP/1.1" 200 2713 "-" "Mozilla/5.0 (Windows NT 6.1; WOW64; rv:40.0) Gecko/20100101 Firefox/40.1"
1.2.3.171 - - [27/Apr/2017:08:36:21 -0400] "POST /wp-login.php HTTP/1.1" 200 3658 "-" "Mozilla/5.0 (Windows NT 6.1; WOW64; rv:40.0) Gecko/20100101 Firefox/40.1"
1.2.3.63 - - [27/Apr/2017:08:43:39 -0400] "GET / HTTP/1.1" 200 21217 "http://otto.zsp.net.pl" "Mozilla/5.0+(compatible; UptimeRobot/2.0; http://www.uptimerobot.com/)"
1.2.3.51 - - [27/Apr/2017:08:45:30 -0400] "GET /agentura-otto-sa-vykaslala-na-zraneneho-pracovnika/feed/ HTTP/1.1" 200 869 "-" "Mozilla/5.0 (compatible; AhrefsBot/5.2; +http://ahrefs.com/robot/)"
1.2.3.192 - - [27/Apr/2017:09:22:10 -0400] "HEAD / HTTP/1.1" 200 - "https://www.inboundlinks.win/InboundLinks/otto.zsp.net.pl" "Mozilla/5.0 (compatible; MSIE 9.0; Windows NT 6.1; WOW64; Trident/5.0)"
1.2.3.63 - - [27/Apr/2017:09:23:39 -0400] "GET / HTTP/1.1" 200 21217 "http://otto.zsp.net.pl" "Mozilla/5.0+(compatible; UptimeRobot/2.0; http://www.uptimerobot.com/)"
1.2.3.173 - - [27/Apr/2017:09:26:14 -0400] "GET /robots.txt HTTP/1.1" 200 67 "-" "Mozilla/5.0 (compatible; MJ12bot/v1.4.7; http://mj12bot.com/)"
1.2.3.173 - - [27/Apr/2017:09:26:16 -0400] "GET /agencja-pracy-tymczasowej-otto-%E2%80%93-mamy-na-was-oko/ HTTP/1.1" 200 24463 "-" "Mozilla/5.0 (compatible; MJ12bot/v1.4.7; http://mj12bot.com/)"
1.2.3.54 - - [27/Apr/2017:09:38:07 -0400] "GET /category/slovencina/feed/ HTTP/1.1" 304 - "https://www.google.com/" "Mozilla/5.0 (X11; Ubuntu; Linux i686; rv:15.0) Gecko/20100101 Firefox/15.0.1"
1.2.3.63 - - [27/Apr/2017:09:41:04 -0400] "GET / HTTP/1.1" 200 21217 "http://otto.zsp.net.pl" "Mozilla/5.0+(compatible; UptimeRobot/2.0; http://www.uptimerobot.com/)"
1.2.3.94 - - [27/Apr/2017:09:46:00 -0400] "GET /problemy-z-agencja-pracy-tymczasowej-otto/ HTTP/1.1" 200 29784 "https://www.google.pl/" "Mozilla/5.0 (Linux; Android 4.4.2; LG-D315 Build/KOT49I.A1448370031) AppleWebKit/537.36 (KHTML, like Gecko) Chrome/1.2.3.51 Mobile Safari/537.36"
1.2.3.94 - - [27/Apr/2017:09:46:01 -0400] "GET /wp-content/themes/oxygenous/css/css.php?type=noimg HTTP/1.1" 200 4448 "http://otto.zsp.net.pl/problemy-z-agencja-pracy-tymczasowej-otto/" "Mozilla/5.0 (Linux; Android 4.4.2; LG-D315 Build/KOT49I.A1448370031) AppleWebKit/537.36 (KHTML, like Gecko) Chrome/1.2.3.51 Mobile Safari/537.36"
1.2.3.94 - - [27/Apr/2017:09:46:01 -0400] "GET /wp-content/themes/oxygenous/carrington-core/lightbox/css/thickbox.css HTTP/1.1" 200 3115 "http://otto.zsp.net.pl/problemy-z-agencja-pracy-tymczasowej-otto/" "Mozilla/5.0 (Linux; Android 4.4.2; LG-D315 Build/KOT49I.A1448370031) AppleWebKit/537.36 (KHTML, like Gecko) Chrome/1.2.3.51 Mobile Safari/537.36"
1.2.3.94 - - [27/Apr/2017:09:46:01 -0400] "GET /wp-includes/js/jquery/jquery-migrate.min.js?ver=1.4.1 HTTP/1.1" 200 10056 "http://otto.zsp.net.pl/problemy-z-agencja-pracy-tymczasowej-otto/" "Mozilla/5.0 (Linux; Android 4.4.2; LG-D315 Build/KOT49I.A1448370031) AppleWebKit/537.36 (KHTML, like Gecko) Chrome/1.2.3.51 Mobile Safari/537.36"
1.2.3.94 - - [27/Apr/2017:09:46:01 -0400] "GET /wp-content/themes/oxygenous/js/carrington.js?ver=1.0 HTTP/1.1" 200 3625 "http://otto.zsp.net.pl/problemy-z-agencja-pracy-tymczasowej-otto/" "Mozilla/5.0 (Linux; Android 4.4.2; LG-D315 Build/KOT49I.A1448370031) AppleWebKit/537.36 (KHTML, like Gecko) Chrome/1.2.3.51 Mobile Safari/537.36"
1.2.3.94 - - [27/Apr/2017:09:46:01 -0400] "GET /wp-includes/js/jquery/jquery.js?ver=1.12.4 HTTP/1.1" 200 97184 "http://otto.zsp.net.pl/problemy-z-agencja-pracy-tymczasowej-otto/" "Mozilla/5.0 (Linux; Android 4.4.2; LG-D315 Build/KOT49I.A1448370031) AppleWebKit/537.36 (KHTML, like Gecko) Chrome/1.2.3.51 Mobile Safari/537.36"
1.2.3.94 - - [27/Apr/2017:09:46:02 -0400] "GET /wp-content/themes/oxygenous/carrington-core/lightbox/thickbox.js?ver=1.0 HTTP/1.1" 200 12484 "http://otto.zsp.net.pl/problemy-z-agencja-pracy-tymczasowej-otto/" "Mozilla/5.0 (Linux; Android 4.4.2; LG-D315 Build/KOT49I.A1448370031) AppleWebKit/537.36 (KHTML, like Gecko) Chrome/1.2.3.51 Mobile Safari/537.36"
1.2.3.94 - - [27/Apr/2017:09:46:02 -0400] "GET /wp-content/plugins/wp-email/email-css.css?ver=2.50 HTTP/1.1" 200 935 "https://www.google.pl/" "Mozilla/5.0 (Linux; Android 4.4.2; LG-D315 Build/KOT49I.A1448370031) AppleWebKit/537.36 (KHTML, like Gecko) Chrome/1.2.3.51 Mobile Safari/537.36"
1.2.3.94 - - [27/Apr/2017:09:46:02 -0400] "GET /wp-content/plugins/wp-email/email-js.js?ver=2.50 HTTP/1.1" 200 7295 "http://otto.zsp.net.pl/problemy-z-agencja-pracy-tymczasowej-otto/" "Mozilla/5.0 (Linux; Android 4.4.2; LG-D315 Build/KOT49I.A1448370031) AppleWebKit/537.36 (KHTML, like Gecko) Chrome/1.2.3.51 Mobile Safari/537.36"
1.2.3.94 - - [27/Apr/2017:09:46:02 -0400] "GET /wp-includes/js/wp-embed.min.js?ver=4.7.4 HTTP/1.1" 200 1398 "http://otto.zsp.net.pl/problemy-z-agencja-pracy-tymczasowej-otto/" "Mozilla/5.0 (Linux; Android 4.4.2; LG-D315 Build/KOT49I.A1448370031) AppleWebKit/537.36 (KHTML, like Gecko) Chrome/1.2.3.51 Mobile Safari/537.36"
1.2.3.94 - - [27/Apr/2017:09:46:03 -0400] "GET /wp-content/themes/oxygenous/img/rss-button.gif HTTP/1.1" 200 2208 "http://otto.zsp.net.pl/problemy-z-agencja-pracy-tymczasowej-otto/" "Mozilla/5.0 (Linux; Android 4.4.2; LG-D315 Build/KOT49I.A1448370031) AppleWebKit/537.36 (KHTML, like Gecko) Chrome/1.2.3.51 Mobile Safari/537.36"
1.2.3.94 - - [27/Apr/2017:09:46:03 -0400] "GET /wp-includes/js/wp-emoji-release.min.js?ver=4.7.4 HTTP/1.1" 200 11414 "http://otto.zsp.net.pl/problemy-z-agencja-pracy-tymczasowej-otto/" "Mozilla/5.0 (Linux; Android 4.4.2; LG-D315 Build/KOT49I.A1448370031) AppleWebKit/537.36 (KHTML, like Gecko) Chrome/1.2.3.51 Mobile Safari/537.36"
1.2.3.94 - - [27/Apr/2017:09:46:03 -0400] "GET /wp-content/themes/oxygenous/img/arrow-bullet.gif HTTP/1.1" 200 50 "http://otto.zsp.net.pl/wp-content/themes/oxygenous/css/css.php?type=noimg" "Mozilla/5.0 (Linux; Android 4.4.2; LG-D315 Build/KOT49I.A1448370031) AppleWebKit/537.36 (KHTML, like Gecko) Chrome/1.2.3.51 Mobile Safari/537.36"
1.2.3.94 - - [27/Apr/2017:09:46:03 -0400] "GET /wp-content/themes/oxygenous/img/footer/by-crowd-favorite-light.png HTTP/1.1" 200 2825 "http://otto.zsp.net.pl/problemy-z-agencja-pracy-tymczasowej-otto/" "Mozilla/5.0 (Linux; Android 4.4.2; LG-D315 Build/KOT49I.A1448370031) AppleWebKit/537.36 (KHTML, like Gecko) Chrome/1.2.3.51 Mobile Safari/537.36"
1.2.3.94 - - [27/Apr/2017:09:46:03 -0400] "GET /wp-content/themes/oxygenous/carrington-core/lightbox/img/loadingAnimation.gif HTTP/1.1" 200 5886 "http://otto.zsp.net.pl/problemy-z-agencja-pracy-tymczasowej-otto/" "Mozilla/5.0 (Linux; Android 4.4.2; LG-D315 Build/KOT49I.A1448370031) AppleWebKit/537.36 (KHTML, like Gecko) Chrome/1.2.3.51 Mobile Safari/537.36"
1.2.3.94 - - [27/Apr/2017:09:46:04 -0400] "GET /favicon.ico HTTP/1.1" 200 - "http://otto.zsp.net.pl/problemy-z-agencja-pracy-tymczasowej-otto/" "Mozilla/5.0 (Linux; Android 4.4.2; LG-D315 Build/KOT49I.A1448370031) AppleWebKit/537.36 (KHTML, like Gecko) Chrome/1.2.3.51 Mobile Safari/537.36"
1.2.3.54 - - [27/Apr/2017:09:47:01 -0400] "GET /category/espanol/feed/ HTTP/1.1" 304 - "https://www.google.com/" "Opera/9.80 (Macintosh; Intel Mac OS X 10.6.8; U; de) Presto/2.9.168 Version/11.52"
1.2.3.51 - - [27/Apr/2017:10:11:52 -0400] "GET /radio-argos-18-juni-2011-de-polen-van-otto/trackback/ HTTP/1.1" 302 - "-" "Mozilla/5.0 (compatible; AhrefsBot/5.2; +http://ahrefs.com/robot/)"
1.2.3.84 - - [27/Apr/2017:10:16:49 -0400] "POST /xmlrpc.php HTTP/1.1" 403 28 "-" "Mozilla/5.0 (Windows NT 6.1; WOW64; rv:40.0) Gecko/20100101 Firefox/40.1"
1.2.3.84 - - [27/Apr/2017:10:16:50 -0400] "GET /wp-login.php HTTP/1.1" 200 2713 "-" "Mozilla/5.0 (Windows NT 6.1; WOW64; rv:40.0) Gecko/20100101 Firefox/40.1"
1.2.3.84 - - [27/Apr/2017:10:16:51 -0400] "POST /wp-login.php HTTP/1.1" 200 3658 "-" "Mozilla/5.0 (Windows NT 6.1; WOW64; rv:40.0) Gecko/20100101 Firefox/40.1"
1.2.3.63 - - [27/Apr/2017:10:20:54 -0400] "GET / HTTP/1.1" 200 21217 "http://otto.zsp.net.pl" "Mozilla/5.0+(compatible; UptimeRobot/2.0; http://www.uptimerobot.com/)"
1.2.3.82 - - [27/Apr/2017:10:31:55 -0400] "GET /wp-login.php HTTP/1.1" 200 2713 "-" "Mozilla/5.0 (Windows NT 6.1; WOW64; rv:40.0) Gecko/20100101 Firefox/40.1"
1.2.3.82 - - [27/Apr/2017:10:31:55 -0400] "POST /wp-login.php HTTP/1.1" 200 3658 "-" "Mozilla/5.0 (Windows NT 6.1; WOW64; rv:40.0) Gecko/20100101 Firefox/40.1"
1.2.3.46 - - [27/Apr/2017:10:37:48 -0400] "POST /xmlrpc.php HTTP/1.1" 403 28 "-" "Mozilla/5.0 (Windows NT 6.1; WOW64; rv:40.0) Gecko/20100101 Firefox/40.1"
1.2.3.46 - - [27/Apr/2017:10:37:49 -0400] "GET /wp-login.php HTTP/1.1" 200 2713 "-" "Mozilla/5.0 (Windows NT 6.1; WOW64; rv:40.0) Gecko/20100101 Firefox/40.1"
1.2.3.46 - - [27/Apr/2017:10:37:49 -0400] "POST /wp-login.php HTTP/1.1" 200 3658 "-" "Mozilla/5.0 (Windows NT 6.1; WOW64; rv:40.0) Gecko/20100101 Firefox/40.1"
1.2.3.24 - - [27/Apr/2017:10:39:28 -0400] "POST /xmlrpc.php HTTP/1.1" 403 28 "-" "Mozilla/5.0 (Windows NT 6.1; WOW64; rv:40.0) Gecko/20100101 Firefox/40.1"
1.2.3.24 - - [27/Apr/2017:10:39:28 -0400] "GET /wp-login.php HTTP/1.1" 200 2713 "-" "Mozilla/5.0 (Windows NT 6.1; WOW64; rv:40.0) Gecko/20100101 Firefox/40.1"
1.2.3.24 - - [27/Apr/2017:10:39:29 -0400] "POST /wp-login.php HTTP/1.1" 200 3658 "-" "Mozilla/5.0 (Windows NT 6.1; WOW64; rv:40.0) Gecko/20100101 Firefox/40.1"
1.2.3.203 - - [27/Apr/2017:10:41:48 -0400] "POST /xmlrpc.php HTTP/1.1" 403 28 "-" "Mozilla/5.0 (Windows NT 6.1; WOW64; rv:40.0) Gecko/20100101 Firefox/40.1"
1.2.3.203 - - [27/Apr/2017:10:41:49 -0400] "GET /wp-login.php HTTP/1.1" 200 2713 "-" "Mozilla/5.0 (Windows NT 6.1; WOW64; rv:40.0) Gecko/20100101 Firefox/40.1"
1.2.3.203 - - [27/Apr/2017:10:41:50 -0400] "POST /wp-login.php HTTP/1.1" 200 3658 "-" "Mozilla/5.0 (Windows NT 6.1; WOW64; rv:40.0) Gecko/20100101 Firefox/40.1"
1.2.3.130 - - [27/Apr/2017:10:43:18 -0400] "POST /wp-login.php HTTP/1.1" 200 2981 "-" "Mozilla/5.0 (Windows NT 6.1; WOW64; rv:40.0) Gecko/20100101 Firefox/40.1"
1.2.3.62 - - [27/Apr/2017:10:48:40 -0400] "HEAD / HTTP/1.1" 200 - "-" "Ruby"
1.2.3.39 - - [27/Apr/2017:10:54:37 -0400] "POST /xmlrpc.php HTTP/1.1" 403 28 "-" "Mozilla/5.0 (Windows NT 6.1; WOW64; rv:40.0) Gecko/20100101 Firefox/40.1"
1.2.3.39 - - [27/Apr/2017:10:54:38 -0400] "GET /wp-login.php HTTP/1.1" 200 2713 "-" "Mozilla/5.0 (Windows NT 6.1; WOW64; rv:40.0) Gecko/20100101 Firefox/40.1"
1.2.3.39 - - [27/Apr/2017:10:54:39 -0400] "POST /wp-login.php HTTP/1.1" 200 3658 "-" "Mozilla/5.0 (Windows NT 6.1; WOW64; rv:40.0) Gecko/20100101 Firefox/40.1"
1.2.3.54 - - [27/Apr/2017:10:56:30 -0400] "GET / HTTP/1.1" 200 21217 "-" "Mozilla/5.0+(compatible; UptimeRobot/2.0; http://www.uptimerobot.com/)"
1.2.3.54 - - [27/Apr/2017:10:56:45 -0400] "GET / HTTP/1.1" 200 21217 "-" "Mozilla/5.0+(compatible; UptimeRobot/2.0; http://www.uptimerobot.com/)"
1.2.3.217 - - [27/Apr/2017:11:03:50 -0400] "GET /deutsch/function.gzuncompress HTTP/1.1" 404 15869 "-" "Mozilla/5.0 (compatible; AhrefsBot/5.2; +http://ahrefs.com/robot/)"
1.2.3.46 - - [27/Apr/2017:11:07:24 -0400] "GET / HTTP/1.1" 200 21217 "-" "Mozilla/5.0+(compatible; UptimeRobot/2.0; http://www.uptimerobot.com/)"
1.2.3.54 - - [27/Apr/2017:11:08:07 -0400] "GET / HTTP/1.1" 200 21217 "-" "Slackbot-LinkExpanding 1.0 (+https://api.slack.com/robots)"
1.2.3.63 - - [27/Apr/2017:11:08:57 -0400] "GET / HTTP/1.1" 200 21217 "http://otto.zsp.net.pl" "Mozilla/5.0+(compatible; UptimeRobot/2.0; http://www.uptimerobot.com/)"
1.2.3.180 - - [27/Apr/2017:11:10:21 -0400] "GET /wp-login.php HTTP/1.1" 200 2713 "-" "Mozilla/5.0 (Windows NT 6.1; WOW64; rv:40.0) Gecko/20100101 Firefox/40.1"
1.2.3.180 - - [27/Apr/2017:11:10:22 -0400] "POST /wp-login.php HTTP/1.1" 200 3658 "-" "Mozilla/5.0 (Windows NT 6.1; WOW64; rv:40.0) Gecko/20100101 Firefox/40.1"
1.2.3.54 - - [27/Apr/2017:11:18:00 -0400] "GET /feed/ HTTP/1.1" 304 - "https://www.google.com/" "Opera/9.80 (X11; Linux x86_64; U; fr) Presto/2.9.168 Version/11.50"
1.2.3.54 - - [27/Apr/2017:11:32:00 -0400] "GET /category/english/feed/ HTTP/1.1" 304 - "https://www.google.com/" "Mozilla/5.0 (Windows; U; Windows NT 6.1; rv:2.2) Gecko/20110201"
1.2.3.178 - - [27/Apr/2017:11:46:02 -0400] "GET /robots.txt HTTP/1.1" 200 67 "-" "Mozilla/5.0 (compatible; Exabot/3.0; +http://www.exabot.com/go/robot)"
1.2.3.178 - - [27/Apr/2017:11:46:18 -0400] "GET / HTTP/1.1" 200 21217 "-" "Mozilla/5.0 (compatible; Exabot/3.0; +http://www.exabot.com/go/robot)"
1.2.3.217 - - [27/Apr/2017:11:48:10 -0400] "GET /deutsch/feed/ HTTP/1.1" 200 726 "-" "Mozilla/5.0 (compatible; AhrefsBot/5.2; +http://ahrefs.com/robot/)"
1.2.3.63 - - [27/Apr/2017:11:49:35 -0400] "GET / HTTP/1.1" 200 21217 "http://otto.zsp.net.pl" "Mozilla/5.0+(compatible; UptimeRobot/2.0; http://www.uptimerobot.com/)"
1.2.3.185 - - [27/Apr/2017:11:50:25 -0400] "GET /problemy-z-agencja-pracy-tymczasowej-otto/ HTTP/1.1" 200 29784 "https://www.google.pl/" "Mozilla/5.0 (Windows NT 6.3; WOW64) AppleWebKit/537.36 (KHTML, like Gecko) Chrome/1.2.3.57 Safari/537.36"
1.2.3.185 - - [27/Apr/2017:11:50:26 -0400] "GET /wp-content/themes/oxygenous/css/css.php?type=noimg HTTP/1.1" 200 4448 "http://otto.zsp.net.pl/problemy-z-agencja-pracy-tymczasowej-otto/" "Mozilla/5.0 (Windows NT 6.3; WOW64) AppleWebKit/537.36 (KHTML, like Gecko) Chrome/1.2.3.57 Safari/537.36"
1.2.3.185 - - [27/Apr/2017:11:50:26 -0400] "GET /wp-content/plugins/wp-email/email-css.css?ver=2.50 HTTP/1.1" 200 935 "http://otto.zsp.net.pl/problemy-z-agencja-pracy-tymczasowej-otto/" "Mozilla/5.0 (Windows NT 6.3; WOW64) AppleWebKit/537.36 (KHTML, like Gecko) Chrome/1.2.3.57 Safari/537.36"
1.2.3.185 - - [27/Apr/2017:11:50:26 -0400] "GET /wp-content/themes/oxygenous/carrington-core/lightbox/css/thickbox.css HTTP/1.1" 200 3115 "http://otto.zsp.net.pl/problemy-z-agencja-pracy-tymczasowej-otto/" "Mozilla/5.0 (Windows NT 6.3; WOW64) AppleWebKit/537.36 (KHTML, like Gecko) Chrome/1.2.3.57 Safari/537.36"
1.2.3.185 - - [27/Apr/2017:11:50:26 -0400] "GET /wp-includes/js/jquery/jquery.js?ver=1.12.4 HTTP/1.1" 200 97184 "http://otto.zsp.net.pl/problemy-z-agencja-pracy-tymczasowej-otto/" "Mozilla/5.0 (Windows NT 6.3; WOW64) AppleWebKit/537.36 (KHTML, like Gecko) Chrome/1.2.3.57 Safari/537.36"
1.2.3.185 - - [27/Apr/2017:11:50:27 -0400] "GET /wp-includes/js/jquery/jquery-migrate.min.js?ver=1.4.1 HTTP/1.1" 200 10056 "http://otto.zsp.net.pl/problemy-z-agencja-pracy-tymczasowej-otto/" "Mozilla/5.0 (Windows NT 6.3; WOW64) AppleWebKit/537.36 (KHTML, like Gecko) Chrome/1.2.3.57 Safari/537.36"
1.2.3.185 - - [27/Apr/2017:11:50:27 -0400] "GET /wp-content/themes/oxygenous/js/carrington.js?ver=1.0 HTTP/1.1" 200 3625 "http://otto.zsp.net.pl/problemy-z-agencja-pracy-tymczasowej-otto/" "Mozilla/5.0 (Windows NT 6.3; WOW64) AppleWebKit/537.36 (KHTML, like Gecko) Chrome/1.2.3.57 Safari/537.36"
1.2.3.185 - - [27/Apr/2017:11:50:27 -0400] "GET /wp-content/themes/oxygenous/carrington-core/lightbox/thickbox.js?ver=1.0 HTTP/1.1" 200 12484 "http://otto.zsp.net.pl/problemy-z-agencja-pracy-tymczasowej-otto/" "Mozilla/5.0 (Windows NT 6.3; WOW64) AppleWebKit/537.36 (KHTML, like Gecko) Chrome/1.2.3.57 Safari/537.36"
1.2.3.185 - - [27/Apr/2017:11:50:27 -0400] "GET /wp-content/plugins/wp-email/email-js.js?ver=2.50 HTTP/1.1" 200 7295 "http://otto.zsp.net.pl/problemy-z-agencja-pracy-tymczasowej-otto/" "Mozilla/5.0 (Windows NT 6.3; WOW64) AppleWebKit/537.36 (KHTML, like Gecko) Chrome/1.2.3.57 Safari/537.36"
1.2.3.185 - - [27/Apr/2017:11:50:27 -0400] "GET /wp-content/themes/oxygenous/img/rss-button.gif HTTP/1.1" 200 2208 "http://otto.zsp.net.pl/problemy-z-agencja-pracy-tymczasowej-otto/" "Mozilla/5.0 (Windows NT 6.3; WOW64) AppleWebKit/537.36 (KHTML, like Gecko) Chrome/1.2.3.57 Safari/537.36"
1.2.3.185 - - [27/Apr/2017:11:50:27 -0400] "GET /wp-includes/js/wp-embed.min.js?ver=4.7.4 HTTP/1.1" 200 1398 "http://otto.zsp.net.pl/problemy-z-agencja-pracy-tymczasowej-otto/" "Mozilla/5.0 (Windows NT 6.3; WOW64) AppleWebKit/537.36 (KHTML, like Gecko) Chrome/1.2.3.57 Safari/537.36"
1.2.3.185 - - [27/Apr/2017:11:50:28 -0400] "GET /wp-includes/js/wp-emoji-release.min.js?ver=4.7.4 HTTP/1.1" 200 11414 "http://otto.zsp.net.pl/problemy-z-agencja-pracy-tymczasowej-otto/" "Mozilla/5.0 (Windows NT 6.3; WOW64) AppleWebKit/537.36 (KHTML, like Gecko) Chrome/1.2.3.57 Safari/537.36"
1.2.3.185 - - [27/Apr/2017:11:50:28 -0400] "GET /wp-content/themes/oxygenous/img/arrow-bullet.gif HTTP/1.1" 200 50 "http://otto.zsp.net.pl/wp-content/themes/oxygenous/css/css.php?type=noimg" "Mozilla/5.0 (Windows NT 6.3; WOW64) AppleWebKit/537.36 (KHTML, like Gecko) Chrome/1.2.3.57 Safari/537.36"
1.2.3.185 - - [27/Apr/2017:11:50:28 -0400] "GET /wp-content/themes/oxygenous/img/footer/by-crowd-favorite-light.png HTTP/1.1" 200 2825 "http://otto.zsp.net.pl/problemy-z-agencja-pracy-tymczasowej-otto/" "Mozilla/5.0 (Windows NT 6.3; WOW64) AppleWebKit/537.36 (KHTML, like Gecko) Chrome/1.2.3.57 Safari/537.36"
1.2.3.185 - - [27/Apr/2017:11:50:28 -0400] "GET /wp-content/themes/oxygenous/carrington-core/lightbox/img/loadingAnimation.gif HTTP/1.1" 200 5886 "http://otto.zsp.net.pl/problemy-z-agencja-pracy-tymczasowej-otto/" "Mozilla/5.0 (Windows NT 6.3; WOW64) AppleWebKit/537.36 (KHTML, like Gecko) Chrome/1.2.3.57 Safari/537.36"
1.2.3.185 - - [27/Apr/2017:11:50:31 -0400] "GET /favicon.ico HTTP/1.1" 200 - "http://otto.zsp.net.pl/problemy-z-agencja-pracy-tymczasowej-otto/" "Mozilla/5.0 (Windows NT 6.3; WOW64) AppleWebKit/537.36 (KHTML, like Gecko) Chrome/1.2.3.57 Safari/537.36"
1.2.3.51 - - [27/Apr/2017:11:53:37 -0400] "GET /polonia-holanda-republica-checa-%E2%80%93-mas-acciones-en-la-ett-otto/ HTTP/1.1" 200 22206 "-" "Mozilla/5.0 (compatible; AhrefsBot/5.2; +http://ahrefs.com/robot/)"
1.2.3.172 - - [27/Apr/2017:11:55:30 -0400] "GET /comments/feed/ HTTP/1.1" 200 748 "-" "UniversalFeedParser/5.2.1 +https://code.google.com/p/feedparser/"
1.2.3.185 - - [27/Apr/2017:11:56:38 -0400] "GET /problemy-z-agencja-pracy-tymczasowej-otto/ HTTP/1.1" 200 29784 "https://www.google.pl/" "Mozilla/5.0 (Windows NT 6.3; WOW64) AppleWebKit/537.36 (KHTML, like Gecko) Chrome/1.2.3.57 Safari/537.36"
1.2.3.185 - - [27/Apr/2017:11:56:40 -0400] "GET /favicon.ico HTTP/1.1" 200 - "http://otto.zsp.net.pl/problemy-z-agencja-pracy-tymczasowej-otto/" "Mozilla/5.0 (Windows NT 6.3; WOW64) AppleWebKit/537.36 (KHTML, like Gecko) Chrome/1.2.3.57 Safari/537.36"
1.2.3.63 - - [27/Apr/2017:12:08:00 -0400] "GET / HTTP/1.1" 200 21217 "http://otto.zsp.net.pl" "Mozilla/5.0+(compatible; UptimeRobot/2.0; http://www.uptimerobot.com/)"
1.2.3.2 - - [27/Apr/2017:12:22:30 -0400] "GET /wp-login.php HTTP/1.1" 200 2713 "-" "Mozilla/5.0 (Windows NT 6.1; WOW64; rv:40.0) Gecko/20100101 Firefox/40.1"
1.2.3.2 - - [27/Apr/2017:12:22:31 -0400] "POST /wp-login.php HTTP/1.1" 200 3658 "-" "Mozilla/5.0 (Windows NT 6.1; WOW64; rv:40.0) Gecko/20100101 Firefox/40.1"
1.2.3.185 - - [27/Apr/2017:12:26:58 -0400] "GET /robots.txt HTTP/1.1" 200 67 "-" "robots"
1.2.3.185 - - [27/Apr/2017:12:27:00 -0400] "GET /feed/ HTTP/1.1" 304 - "-" "magpie-crawler/1.1 (U; Linux amd64; en-GB; +http://www.brandwatch.net)"
1.2.3.54 - - [27/Apr/2017:12:27:44 -0400] "GET /category/polski/feed/ HTTP/1.1" 304 - "https://www.google.com/" "Mozilla/5.0 (X11; Linux i686) AppleWebKit/537.31 (KHTML, like Gecko) Chrome/1.2.3.26 Safari/537.31"
1.2.3.217 - - [27/Apr/2017:12:31:14 -0400] "GET /action-at-otto-office-in-warsaw/trackback/ HTTP/1.1" 302 - "-" "Mozilla/5.0 (compatible; AhrefsBot/5.2; +http://ahrefs.com/robot/)"
1.2.3.62 - - [27/Apr/2017:12:42:23 -0400] "GET /robots.txt HTTP/1.1" 200 67 "-" "Mozilla/5.0 (compatible; seoscanners.net/1; +spider@seoscanners.net)"
1.2.3.62 - - [27/Apr/2017:12:42:23 -0400] "GET / HTTP/1.1" 200 21217 "-" "Mozilla/5.0 (compatible; seoscanners.net/1; +spider@seoscanners.net)"
1.2.3.34 - - [27/Apr/2017:12:43:11 -0400] "GET /category/deutsch/feed/ HTTP/1.1" 304 - "https://www.google.com/" "Mozilla/5.0 (X11; Ubuntu; Linux i686; rv:15.0) Gecko/20100101 Firefox/15.0.1"
1.2.3.212 - - [27/Apr/2017:12:44:46 -0400] "POST /xmlrpc.php HTTP/1.1" 403 28 "-" "Mozilla/5.0 (Windows NT 6.1; WOW64; rv:40.0) Gecko/20100101 Firefox/40.1"
1.2.3.212 - - [27/Apr/2017:12:44:46 -0400] "GET /wp-login.php HTTP/1.1" 200 2713 "-" "Mozilla/5.0 (Windows NT 6.1; WOW64; rv:40.0) Gecko/20100101 Firefox/40.1"
1.2.3.212 - - [27/Apr/2017:12:44:47 -0400] "POST /wp-login.php HTTP/1.1" 200 3658 "-" "Mozilla/5.0 (Windows NT 6.1; WOW64; rv:40.0) Gecko/20100101 Firefox/40.1"
1.2.3.213 - - [27/Apr/2017:12:45:19 -0400] "POST /xmlrpc.php HTTP/1.1" 403 28 "-" "Mozilla/5.0 (Windows NT 6.1; WOW64; rv:40.0) Gecko/20100101 Firefox/40.1"
1.2.3.213 - - [27/Apr/2017:12:45:19 -0400] "GET /wp-login.php HTTP/1.1" 200 2713 "-" "Mozilla/5.0 (Windows NT 6.1; WOW64; rv:40.0) Gecko/20100101 Firefox/40.1"
1.2.3.213 - - [27/Apr/2017:12:45:20 -0400] "POST /wp-login.php HTTP/1.1" 200 3658 "-" "Mozilla/5.0 (Windows NT 6.1; WOW64; rv:40.0) Gecko/20100101 Firefox/40.1"
1.2.3.63 - - [27/Apr/2017:12:48:09 -0400] "GET / HTTP/1.1" 200 21217 "http://otto.zsp.net.pl" "Mozilla/5.0+(compatible; UptimeRobot/2.0; http://www.uptimerobot.com/)"
1.2.3.217 - - [27/Apr/2017:13:14:34 -0400] "GET /eerste-overwinning-op-otto-workforce/feed/ HTTP/1.1" 200 822 "-" "Mozilla/5.0 (compatible; AhrefsBot/5.2; +http://ahrefs.com/robot/)"
1.2.3.184 - - [27/Apr/2017:13:18:41 -0400] "GET /category/polski/feed/ HTTP/1.1" 304 - "https://www.google.com/" "Mozilla/5.0 (Windows; U; MSIE 6.0; Windows NT 5.1; SV1; .NET CLR 2.0.50727)"
1.2.3.122 - - [27/Apr/2017:13:26:39 -0400] "GET / HTTP/1.1" 200 21217 "-" "Mozilla/5.0+(compatible; UptimeRobot/2.0; http://www.uptimerobot.com/)"
1.2.3.46 - - [27/Apr/2017:13:26:41 -0400] "GET / HTTP/1.1" 200 21217 "-" "Mozilla/5.0+(compatible; UptimeRobot/2.0; http://www.uptimerobot.com/)"
1.2.3.63 - - [27/Apr/2017:13:39:20 -0400] "GET / HTTP/1.1" 200 21217 "http://otto.zsp.net.pl" "Mozilla/5.0+(compatible; UptimeRobot/2.0; http://www.uptimerobot.com/)"
1.2.3.79 - - [27/Apr/2017:13:45:20 -0400] "POST /xmlrpc.php HTTP/1.1" 403 28 "-" "Mozilla/5.0 (Windows NT 6.1; WOW64; rv:40.0) Gecko/20100101 Firefox/40.1"
1.2.3.79 - - [27/Apr/2017:13:45:20 -0400] "GET /wp-login.php HTTP/1.1" 200 2713 "-" "Mozilla/5.0 (Windows NT 6.1; WOW64; rv:40.0) Gecko/20100101 Firefox/40.1"
1.2.3.79 - - [27/Apr/2017:13:45:21 -0400] "POST /wp-login.php HTTP/1.1" 200 3658 "-" "Mozilla/5.0 (Windows NT 6.1; WOW64; rv:40.0) Gecko/20100101 Firefox/40.1"
1.2.3.199 - - [27/Apr/2017:13:51:54 -0400] "HEAD / HTTP/1.1" 200 - "https://www.inboundlinks.win/InboundLinks/otto.zsp.net.pl" "Mozilla/5.0 (compatible; MSIE 9.0; Windows NT 6.1; WOW64; Trident/5.0)"
1.2.3.37 - - [27/Apr/2017:13:52:02 -0400] "POST /xmlrpc.php HTTP/1.1" 403 28 "-" "Mozilla/5.0 (Windows NT 6.1; WOW64; rv:40.0) Gecko/20100101 Firefox/40.1"
1.2.3.37 - - [27/Apr/2017:13:52:03 -0400] "GET /wp-login.php HTTP/1.1" 200 2713 "-" "Mozilla/5.0 (Windows NT 6.1; WOW64; rv:40.0) Gecko/20100101 Firefox/40.1"
1.2.3.37 - - [27/Apr/2017:13:52:03 -0400] "POST /wp-login.php HTTP/1.1" 200 3658 "-" "Mozilla/5.0 (Windows NT 6.1; WOW64; rv:40.0) Gecko/20100101 Firefox/40.1"
1.2.3.49 - - [27/Apr/2017:14:03:39 -0400] "POST /xmlrpc.php HTTP/1.1" 403 28 "-" "Mozilla/5.0 (Windows NT 6.1; WOW64; rv:40.0) Gecko/20100101 Firefox/40.1"
1.2.3.49 - - [27/Apr/2017:14:03:39 -0400] "GET /wp-login.php HTTP/1.1" 200 2713 "-" "Mozilla/5.0 (Windows NT 6.1; WOW64; rv:40.0) Gecko/20100101 Firefox/40.1"
1.2.3.49 - - [27/Apr/2017:14:03:40 -0400] "POST /wp-login.php HTTP/1.1" 200 3658 "-" "Mozilla/5.0 (Windows NT 6.1; WOW64; rv:40.0) Gecko/20100101 Firefox/40.1"
1.2.3.185 - - [27/Apr/2017:14:03:49 -0400] "GET /wp-login.php HTTP/1.1" 200 2713 "-" "Mozilla/5.0 (Windows NT 10.0; WOW64) AppleWebKit/537.36 (KHTML, like Gecko) Chrome/1.2.3.51 Safari/537.36"
1.2.3.185 - - [27/Apr/2017:14:03:50 -0400] "POST /wp-login.php HTTP/1.1" 200 3658 "http://otto.zsp.net.pl/wp-login.php" "Mozilla/5.0 (Windows NT 10.0; WOW64) AppleWebKit/537.36 (KHTML, like Gecko) Chrome/1.2.3.51 Safari/537.36"
1.2.3.185 - - [27/Apr/2017:14:12:55 -0400] "GET /wp-login.php HTTP/1.1" 200 2713 "-" "Mozilla/5.0 (Windows NT 10.0; WOW64) AppleWebKit/537.36 (KHTML, like Gecko) Chrome/1.2.3.51 Safari/537.36"
1.2.3.185 - - [27/Apr/2017:14:12:56 -0400] "POST /wp-login.php HTTP/1.1" 200 3658 "http://otto.zsp.net.pl/wp-login.php" "Mozilla/5.0 (Windows NT 10.0; WOW64) AppleWebKit/537.36 (KHTML, like Gecko) Chrome/1.2.3.51 Safari/537.36"
1.2.3.54 - - [27/Apr/2017:14:20:27 -0400] "GET / HTTP/1.1" 200 21217 "-" "Mozilla/5.0+(compatible; UptimeRobot/2.0; http://www.uptimerobot.com/)"
1.2.3.46 - - [27/Apr/2017:14:20:28 -0400] "GET / HTTP/1.1" 200 21217 "-" "Mozilla/5.0+(compatible; UptimeRobot/2.0; http://www.uptimerobot.com/)"
1.2.3.185 - - [27/Apr/2017:14:32:36 -0400] "GET /wp-login.php HTTP/1.1" 200 2713 "-" "Mozilla/5.0 (Windows NT 10.0; WOW64) AppleWebKit/537.36 (KHTML, like Gecko) Chrome/1.2.3.51 Safari/537.36"
1.2.3.185 - - [27/Apr/2017:14:32:37 -0400] "POST /wp-login.php HTTP/1.1" 200 3703 "http://otto.zsp.net.pl/wp-login.php" "Mozilla/5.0 (Windows NT 10.0; WOW64) AppleWebKit/537.36 (KHTML, like Gecko) Chrome/1.2.3.51 Safari/537.36"
1.2.3.203 - - [27/Apr/2017:14:44:20 -0400] "GET /robots.txt HTTP/1.1" 200 67 "-" "Mozilla/5.0 (compatible; Daum/4.1; +http://cs.daum.net/faq/15/4118.html?faqId=28966)"
1.2.3.203 - - [27/Apr/2017:14:44:24 -0400] "GET / HTTP/1.1" 200 21217 "-" "Mozilla/5.0 (compatible; Daum/4.1; +http://cs.daum.net/faq/15/4118.html?faqId=28966)"
1.2.3.54 - - [27/Apr/2017:14:44:55 -0400] "GET / HTTP/1.1" 200 21217 "-" "Slackbot-LinkExpanding 1.0 (+https://api.slack.com/robots)"
1.2.3.63 - - [27/Apr/2017:14:46:55 -0400] "GET / HTTP/1.1" 200 21217 "http://otto.zsp.net.pl" "Mozilla/5.0+(compatible; UptimeRobot/2.0; http://www.uptimerobot.com/)"
1.2.3.177 - - [27/Apr/2017:15:07:35 -0400] "POST /xmlrpc.php HTTP/1.1" 403 28 "-" "Mozilla/5.0 (Windows NT 6.1; WOW64; rv:40.0) Gecko/20100101 Firefox/40.1"
1.2.3.177 - - [27/Apr/2017:15:07:35 -0400] "GET /wp-login.php HTTP/1.1" 200 2713 "-" "Mozilla/5.0 (Windows NT 6.1; WOW64; rv:40.0) Gecko/20100101 Firefox/40.1"
1.2.3.177 - - [27/Apr/2017:15:07:36 -0400] "POST /wp-login.php HTTP/1.1" 200 3658 "-" "Mozilla/5.0 (Windows NT 6.1; WOW64; rv:40.0) Gecko/20100101 Firefox/40.1"
1.2.3.79 - - [27/Apr/2017:15:26:46 -0400] "GET / HTTP/1.1" 200 21217 "-" "Mozilla/5.0 (X11; Linux x86_64) AppleWebKit/537.36 (KHTML, like Gecko) Chrome/1.2.3.58 Safari/537.36 OPR/1.2.3.45 (Edition developer)"
1.2.3.79 - - [27/Apr/2017:15:26:47 -0400] "GET /wp-content/themes/oxygenous/js/carrington.js?ver=1.0 HTTP/1.1" 304 - "http://otto.zsp.net.pl/" "Mozilla/5.0 (X11; Linux x86_64) AppleWebKit/537.36 (KHTML, like Gecko) Chrome/1.2.3.58 Safari/537.36 OPR/1.2.3.45 (Edition developer)"
1.2.3.63 - - [27/Apr/2017:15:26:52 -0400] "GET / HTTP/1.1" 200 21217 "http://otto.zsp.net.pl" "Mozilla/5.0+(compatible; UptimeRobot/2.0; http://www.uptimerobot.com/)"
1.2.3.79 - - [27/Apr/2017:15:26:57 -0400] "GET /wp-login.php HTTP/1.1" 401 28 "-" "Mozilla/5.0 (X11; Linux x86_64) AppleWebKit/537.36 (KHTML, like Gecko) Chrome/1.2.3.58 Safari/537.36 OPR/1.2.3.45 (Edition developer)"
1.2.3.79 - - [27/Apr/2017:15:27:00 -0400] "GET /favicon.ico HTTP/1.1" 200 - "http://otto.zsp.net.pl/wp-login.php" "Mozilla/5.0 (X11; Linux x86_64) AppleWebKit/537.36 (KHTML, like Gecko) Chrome/1.2.3.58 Safari/537.36 OPR/1.2.3.45 (Edition developer)"
1.2.3.79 - - [27/Apr/2017:15:27:03 -0400] "GET / HTTP/1.1" 200 21217 "-" "Mozilla/5.0 (X11; Linux x86_64) AppleWebKit/537.36 (KHTML, like Gecko) Chrome/1.2.3.58 Safari/537.36 OPR/1.2.3.45 (Edition developer)"
1.2.3.79 - - [27/Apr/2017:15:27:04 -0400] "GET /wp-content/themes/oxygenous/carrington-core/lightbox/css/thickbox.css HTTP/1.1" 200 3115 "http://otto.zsp.net.pl/" "Mozilla/5.0 (X11; Linux x86_64) AppleWebKit/537.36 (KHTML, like Gecko) Chrome/1.2.3.58 Safari/537.36 OPR/1.2.3.45 (Edition developer)"
1.2.3.79 - - [27/Apr/2017:15:27:04 -0400] "GET /wp-content/themes/oxygenous/carrington-core/lightbox/thickbox.js?ver=1.0 HTTP/1.1" 200 12484 "http://otto.zsp.net.pl/" "Mozilla/5.0 (X11; Linux x86_64) AppleWebKit/537.36 (KHTML, like Gecko) Chrome/1.2.3.58 Safari/537.36 OPR/1.2.3.45 (Edition developer)"
1.2.3.79 - - [27/Apr/2017:15:27:04 -0400] "GET /wp-content/themes/oxygenous/img/rss-button.gif HTTP/1.1" 304 - "http://otto.zsp.net.pl/" "Mozilla/5.0 (X11; Linux x86_64) AppleWebKit/537.36 (KHTML, like Gecko) Chrome/1.2.3.58 Safari/537.36 OPR/1.2.3.45 (Edition developer)"
1.2.3.79 - - [27/Apr/2017:15:27:04 -0400] "GET /wp-content/themes/oxygenous/img/arrow-bullet.gif HTTP/1.1" 304 - "http://otto.zsp.net.pl/wp-content/themes/oxygenous/css/css.php?type=noimg" "Mozilla/5.0 (X11; Linux x86_64) AppleWebKit/537.36 (KHTML, like Gecko) Chrome/1.2.3.58 Safari/537.36 OPR/1.2.3.45 (Edition developer)"
1.2.3.79 - - [27/Apr/2017:15:27:04 -0400] "GET /wp-content/themes/oxygenous/carrington-core/lightbox/img/loadingAnimation.gif HTTP/1.1" 304 - "http://otto.zsp.net.pl/" "Mozilla/5.0 (X11; Linux x86_64) AppleWebKit/537.36 (KHTML, like Gecko) Chrome/1.2.3.58 Safari/537.36 OPR/1.2.3.45 (Edition developer)"
1.2.3.79 - - [27/Apr/2017:15:27:06 -0400] "GET /favicon.ico HTTP/1.1" 200 - "http://otto.zsp.net.pl/" "Mozilla/5.0 (X11; Linux x86_64) AppleWebKit/537.36 (KHTML, like Gecko) Chrome/1.2.3.58 Safari/537.36 OPR/1.2.3.45 (Edition developer)"
1.2.3.79 - - [27/Apr/2017:15:27:06 -0400] "GET / HTTP/1.1" 200 21217 "-" "Mozilla/5.0 (X11; Linux x86_64) AppleWebKit/537.36 (KHTML, like Gecko) Chrome/1.2.3.58 Safari/537.36 OPR/1.2.3.45 (Edition developer)"
1.2.3.79 - - [27/Apr/2017:15:27:07 -0400] "GET /wp-content/themes/oxygenous/img/footer/by-crowd-favorite-light.png HTTP/1.1" 200 2825 "http://otto.zsp.net.pl/" "Mozilla/5.0 (X11; Linux x86_64) AppleWebKit/537.36 (KHTML, like Gecko) Chrome/1.2.3.58 Safari/537.36 OPR/1.2.3.45 (Edition developer)"
1.2.3.79 - - [27/Apr/2017:15:27:43 -0400] "GET /favicon.ico HTTP/1.1" 200 - "http://otto.zsp.net.pl/" "Mozilla/5.0 (X11; Linux x86_64) AppleWebKit/537.36 (KHTML, like Gecko) Chrome/1.2.3.58 Safari/537.36 OPR/1.2.3.45 (Edition developer)"
